// Jest Snapshot v1, https://goo.gl/fbAQLP

exports[`Delta should match snapshot 1`] = `
<div
  className="delta"
>
  <label>
    Delta
  </label>
  <input
    onChange={[Function]}
    type="number"
    value={1}
  />
</div>
`;
